
> vibe-security-agent@0.1.0 dev
> next dev

  ▲ Next.js 14.2.35
  - Local:        http://localhost:3000

 ✓ Starting...
 ✓ Ready in 3.7s
 ○ Compiling / ...
 ✓ Compiled / in 9.1s (606 modules)
 GET / 200 in 10119ms
 ✓ Compiled in 1133ms (266 modules)
 GET / 200 in 175ms
<w> [webpack.cache.PackFileCacheStrategy/webpack.FileSystemInfo] Resolving '../../../typescript/lib/typescript' in c:\Users\user\kor_aws\node_modules\next\dist\build for build dependencies doesn't lead to expected result 'C:\Users\user\kor_aws\node_modules\typescript\lib\typescript.js', but to 'c:\Users\user\kor_aws\node_modules\typescript\lib\typescript.js' instead. Resolving dependencies are ignored for this path.
<w>  at resolve commonjs file ../../../typescript/lib/typescript (expected C:\Users\user\kor_aws\node_modules\typescript\lib\typescript.js)
<w>  at file dependencies c:\Users\user\kor_aws\node_modules\next\dist\build\load-jsconfig.js
<w>  at file c:\Users\user\kor_aws\node_modules\next\dist\build\load-jsconfig.js
<w>  at file dependencies c:\Users\user\kor_aws\node_modules\next\dist\build\webpack-config.js
<w>  at file c:\Users\user\kor_aws\node_modules\next\dist\build\webpack-config.js
<w>  at file dependencies c:\Users\user\kor_aws\node_modules\next\dist\build\webpack\loaders\next-swc-loader.js
<w>  at file c:\Users\user\kor_aws\node_modules\next\dist\build\webpack\loaders\next-swc-loader.js
<w>  at resolve commonjs c:\Users\user\kor_aws\node_modules\next\dist\build\webpack\loaders\next-swc-loader.js
<w> [webpack.cache.PackFileCacheStrategy/webpack.FileSystemInfo] Resolving '../../../typescript/lib/typescript' in c:\Users\user\kor_aws\node_modules\next\dist\build for build dependencies doesn't lead to expected result 'C:\Users\user\kor_aws\node_modules\typescript\lib\typescript.js', but to 'c:\Users\user\kor_aws\node_modules\typescript\lib\typescript.js' instead. Resolving dependencies are ignored for this path.
<w>  at resolve commonjs file ../../../typescript/lib/typescript (expected C:\Users\user\kor_aws\node_modules\typescript\lib\typescript.js)
<w>  at file dependencies c:\Users\user\kor_aws\node_modules\next\dist\build\load-jsconfig.js
<w>  at file c:\Users\user\kor_aws\node_modules\next\dist\build\load-jsconfig.js
<w>  at file dependencies c:\Users\user\kor_aws\node_modules\next\dist\build\webpack-config.js
<w>  at file c:\Users\user\kor_aws\node_modules\next\dist\build\webpack-config.js
<w>  at file dependencies c:\Users\user\kor_aws\node_modules\next\dist\build\webpack\loaders\next-swc-loader.js
<w>  at file c:\Users\user\kor_aws\node_modules\next\dist\build\webpack\loaders\next-swc-loader.js
<w>  at resolve commonjs c:\Users\user\kor_aws\node_modules\next\dist\build\webpack\loaders\next-swc-loader.js
 GET / 200 in 480ms
 ○ Compiling /dashboard/new ...
 ✓ Compiled /dashboard/new in 2.3s (703 modules)
 ○ Compiling /dashboard/new/setup ...
 ✓ Compiled /dashboard/new/setup in 761ms (714 modules)
 ○ Compiling /login ...
 ✓ Compiled /login in 918ms (721 modules)
